2026-04-02 21:56:49,428 - app.main - INFO - AuditAI backend starting...
2026-04-02 21:56:49,441 - app.main - INFO - AuditAI backend starting...
2026-04-02 21:57:06,543 - app.main - INFO - AuditAI backend starting...
2026-04-02 22:00:03,513 - app.main - INFO - AuditAI backend shutting down...
2026-04-02 22:00:04,066 - app.main - INFO - AuditAI backend shutting down...
2026-04-02 22:00:05,542 - app.main - INFO - AuditAI backend shutting down...
2026-04-02 22:00:17,511 - app.main - INFO - AuditAI backend starting...
2026-04-02 22:00:17,550 - app.main - INFO - AuditAI backend starting...
2026-04-02 22:00:17,891 - app.main - INFO - AuditAI backend starting...
2026-04-02 22:00:26,832 - app.main - INFO - AuditAI backend starting...
2026-04-02 22:18:17,497 - app.main - INFO - AuditAI backend starting...
2026-04-02 22:33:12,770 - app.main - INFO - AuditAI backend starting...
2026-04-02 22:46:58,222 - app.main - INFO - AuditAI backend starting...
2026-04-02 22:52:05,032 - app.main - INFO - AuditAI backend starting...
2026-04-02 23:09:49,398 - app.main - INFO - AuditAI backend shutting down...
2026-04-02 23:09:50,932 - app.main - INFO - AuditAI backend shutting down...
2026-04-02 23:09:57,166 - app.main - INFO - AuditAI backend starting...
2026-04-02 23:09:59,386 - app.main - INFO - AuditAI backend starting...
2026-04-02 23:10:02,861 - app.main - INFO - AuditAI backend shutting down...
2026-04-02 23:10:07,720 - app.main - INFO - AuditAI backend starting...
2026-04-02 23:10:08,948 - app.main - INFO - AuditAI backend shutting down...
2026-04-02 23:10:08,960 - app.main - INFO - AuditAI backend shutting down...
2026-04-02 23:10:13,880 - app.main - INFO - AuditAI backend shutting down...
2026-04-02 23:10:16,141 - app.main - INFO - AuditAI backend starting...
2026-04-02 23:10:18,136 - app.main - INFO - AuditAI backend starting...
2026-04-02 23:10:22,017 - app.main - INFO - AuditAI backend starting...
2026-04-02 23:10:22,372 - app.main - INFO - AuditAI backend shutting down...
2026-04-02 23:10:26,733 - app.main - INFO - AuditAI backend shutting down...
2026-04-02 23:10:27,673 - app.main - INFO - AuditAI backend starting...
2026-04-02 23:10:32,183 - app.main - INFO - AuditAI backend starting...
2026-04-02 23:12:47,786 - app.main - INFO - AuditAI backend shutting down...
2026-04-02 23:12:54,070 - app.main - INFO - AuditAI backend starting...
2026-04-02 23:15:37,302 - app.main - INFO - AuditAI backend starting...
2026-04-02 23:15:37,972 - app.api.audit - INFO - Running audit on ./storage/uploads\a00a670630d949bebfda46c526a9df56.csv for org demo-org
2026-04-02 23:15:37,987 - app.services.audit_service - INFO - Starting audit orchestration for ./storage/uploads\a00a670630d949bebfda46c526a9df56.csv
2026-04-02 23:15:38,010 - app.services.data_service - INFO - Parsed CSV: 12 rows, 18 columns
2026-04-02 23:15:38,030 - app.services.data_service - INFO - Data cleaned: 12 rows remaining
2026-04-02 23:15:38,062 - app.services.data_service - INFO - Validation complete: 0 errors found
2026-04-02 23:16:04,546 - app.services.fraud_service - ERROR - Error in fraud prediction: X has 14 features, but RandomForestClassifier is expecting 19 features as input.
2026-04-02 23:16:04,549 - app.services.risk_service - ERROR - Error in risk scoring: 'int' object has no attribute 'fillna'
2026-04-02 23:16:04,552 - app.services.audit_service - INFO - Audit completed: {'total_records': 12, 'high_risk_count': 0, 'medium_risk_count': 0, 'fraud_detections': 0, 'avg_fraud_score': 0.0, 'avg_risk_score': 0.0}
2026-04-02 23:26:44,830 - app.main - INFO - AuditAI backend shutting down...
2026-04-02 23:26:49,891 - app.main - INFO - AuditAI backend shutting down...
2026-04-02 23:26:55,562 - app.main - INFO - AuditAI backend starting...
2026-04-02 23:26:56,171 - app.main - INFO - AuditAI backend starting...
2026-04-02 23:27:01,036 - app.main - INFO - AuditAI backend shutting down...
2026-04-02 23:27:03,545 - app.main - INFO - AuditAI backend shutting down...
2026-04-02 23:27:05,337 - app.main - INFO - AuditAI backend starting...
2026-04-02 23:27:08,043 - app.main - INFO - AuditAI backend starting...
2026-04-02 23:27:16,762 - app.main - INFO - AuditAI backend starting...
2026-04-02 23:27:16,881 - app.api.audit - INFO - Running audit on ./storage/uploads\3960746b6c934432978894251bedf646.csv for org demo-org
2026-04-02 23:27:16,881 - app.services.audit_service - INFO - Starting audit orchestration for ./storage/uploads\3960746b6c934432978894251bedf646.csv
2026-04-02 23:27:16,912 - app.services.data_service - INFO - Parsed CSV: 12 rows, 18 columns
2026-04-02 23:27:16,937 - app.services.data_service - INFO - Data cleaned: 12 rows remaining
2026-04-02 23:27:16,941 - app.services.data_service - INFO - Validation complete: 0 errors found
2026-04-02 23:27:22,341 - app.services.fraud_service - ERROR - Error in fraud prediction: X has 14 features, but RandomForestClassifier is expecting 19 features as input.
2026-04-02 23:27:22,364 - app.services.fraud_service - INFO - Fraud fallback scoring completed for 12 records
2026-04-02 23:27:22,381 - app.services.risk_service - WARNING - ML risk model unavailable: <class 'numpy.random._pcg64.PCG64'> is not a known BitGenerator module.
2026-04-02 23:27:22,386 - app.services.risk_service - INFO - Risk scoring completed for 12 records
2026-04-02 23:27:22,391 - app.services.audit_service - INFO - Audit completed: {'total_records': 12, 'high_risk_count': 5, 'medium_risk_count': 1, 'fraud_detections': 4, 'avg_fraud_score': 0.45916666666666667, 'avg_risk_score': 50.56666666666666}
2026-04-02 23:29:23,667 - app.main - INFO - AuditAI backend shutting down...
2026-04-02 23:29:23,778 - app.main - INFO - AuditAI backend shutting down...
2026-04-02 23:29:34,251 - app.main - INFO - AuditAI backend starting...
2026-04-02 23:29:34,251 - app.main - INFO - AuditAI backend starting...
2026-04-02 23:29:56,492 - app.main - INFO - AuditAI backend shutting down...
2026-04-02 23:30:07,208 - app.main - INFO - AuditAI backend starting...
2026-04-02 23:30:41,421 - app.main - INFO - AuditAI backend starting...
2026-04-02 23:30:41,500 - app.api.audit - INFO - Running audit on ./storage/uploads\90d2596ff0744e48af7796140cabccc6.csv for org demo-org
2026-04-02 23:30:41,500 - app.services.audit_service - INFO - Starting audit orchestration for ./storage/uploads\90d2596ff0744e48af7796140cabccc6.csv
2026-04-02 23:30:41,531 - app.services.data_service - INFO - Parsed CSV: 12 rows, 18 columns
2026-04-02 23:30:41,546 - app.services.data_service - INFO - Data cleaned: 12 rows remaining
2026-04-02 23:30:41,562 - app.services.data_service - INFO - Validation complete: 0 errors found
2026-04-02 23:30:46,715 - app.services.fraud_service - ERROR - Error in fraud prediction: X has 14 features, but RandomForestClassifier is expecting 19 features as input.
2026-04-02 23:30:46,747 - app.services.fraud_service - INFO - Fraud fallback scoring completed for 12 records
2026-04-02 23:30:46,778 - app.services.risk_service - WARNING - ML risk model unavailable: <class 'numpy.random._pcg64.PCG64'> is not a known BitGenerator module.
2026-04-02 23:30:46,778 - app.services.risk_service - INFO - Risk scoring completed for 12 records
2026-04-02 23:30:46,794 - app.services.audit_service - INFO - Audit completed: {'total_records': 12, 'high_risk_count': 5, 'medium_risk_count': 1, 'fraud_detections': 4, 'avg_fraud_score': 0.45916666666666667, 'avg_risk_score': 50.56666666666666}
2026-04-02 23:30:46,825 - app.services.report_service - INFO - PDF generation requested for risk_assessment report
2026-04-03 00:11:33,048 - app.main - INFO - AuditAI backend starting...
2026-04-03 00:12:37,940 - app.api.audit - INFO - Running audit on ./storage/uploads\63b9b4a7ed874293847d0a25cbd409e3.csv for org demo-org
2026-04-03 00:12:38,057 - app.services.audit_service - INFO - Starting audit orchestration for ./storage/uploads\63b9b4a7ed874293847d0a25cbd409e3.csv
2026-04-03 00:12:38,074 - app.services.data_service - INFO - Parsed CSV: 12 rows, 18 columns
2026-04-03 00:12:38,091 - app.services.data_service - INFO - Data cleaned: 12 rows remaining
2026-04-03 00:12:38,108 - app.services.data_service - INFO - Validation complete: 0 errors found
2026-04-03 00:12:45,566 - app.services.fraud_service - ERROR - Error in fraud prediction: X has 14 features, but RandomForestClassifier is expecting 19 features as input.
2026-04-03 00:12:45,599 - app.services.fraud_service - INFO - Fraud fallback scoring completed for 12 records
2026-04-03 00:12:45,666 - app.services.risk_service - WARNING - ML risk model unavailable: <class 'numpy.random._pcg64.PCG64'> is not a known BitGenerator module.
2026-04-03 00:12:45,683 - app.services.risk_service - INFO - Risk scoring completed for 12 records
2026-04-03 00:12:45,699 - app.services.audit_service - INFO - Audit completed: {'total_records': 12, 'high_risk_count': 5, 'medium_risk_count': 1, 'fraud_detections': 4, 'avg_fraud_score': 0.45916666666666667, 'avg_risk_score': 50.56666666666666}
2026-04-03 00:13:01,080 - app.services.report_service - INFO - PDF generation requested for fraud_analysis report
2026-04-03 00:13:10,323 - app.services.report_service - INFO - PDF generation requested for risk_assessment report
2026-04-03 00:25:59,123 - app.main - INFO - AuditAI backend starting...
2026-04-03 00:28:30,111 - app.api.audit - INFO - Running audit on ./storage/uploads\0c31f4a80d7b4f43940f88df6e9aa04f.csv for org demo-org
2026-04-03 00:28:30,195 - app.services.audit_service - INFO - Starting audit orchestration for ./storage/uploads\0c31f4a80d7b4f43940f88df6e9aa04f.csv
2026-04-03 00:28:30,195 - app.services.data_service - INFO - Parsed CSV: 12 rows, 18 columns
2026-04-03 00:28:30,243 - app.services.data_service - INFO - Data cleaned: 12 rows remaining
2026-04-03 00:28:30,321 - app.services.data_service - INFO - Validation complete: 0 errors found
2026-04-03 00:28:31,897 - app.services.fraud_service - ERROR - Error in fraud prediction: X has 14 features, but RandomForestClassifier is expecting 19 features as input.
2026-04-03 00:28:32,054 - app.services.fraud_service - INFO - Fraud fallback scoring completed for 12 records
2026-04-03 00:28:32,249 - app.services.risk_service - WARNING - ML risk model unavailable: <class 'numpy.random._pcg64.PCG64'> is not a known BitGenerator module.
2026-04-03 00:28:32,350 - app.services.risk_service - INFO - Risk scoring completed for 12 records
2026-04-03 00:28:32,523 - app.services.audit_service - INFO - Audit completed: {'total_records': 12, 'high_risk_count': 5, 'medium_risk_count': 1, 'fraud_detections': 4, 'avg_fraud_score': 0.45916666666666667, 'avg_risk_score': 50.56666666666666}
2026-04-03 00:28:51,709 - app.services.report_service - INFO - PDF generation requested for fraud_analysis report
2026-04-03 00:29:00,905 - app.services.report_service - INFO - PDF generation requested for risk_assessment report
2026-04-03 00:29:06,855 - app.services.report_service - INFO - PDF generation requested for transaction_summary report
2026-04-03 00:29:14,187 - app.services.report_service - INFO - PDF generation requested for vendor_analysis report
